<?xml version="1.0" encoding="UTF-8"?>
<testsuites name="jest tests" tests="2" failures="0" time="52.492">
  <testsuite name="src\webparts\helloSpFx\tests\HelloSPFx.spec.ts" errors="0" failures="0" skipped="0" timestamp="2019-08-28T20:54:54" time="9.626" tests="2">
    <testcase classname="webPartName should do something" name="webPartName should do something" time="0.004">
    </testcase>
    <testcase classname="webPartName should add numbers Sync fluent" name="webPartName should add numbers Sync fluent" time="0">
    </testcase>
  </testsuite>
</testsuites>